python : C:\Users\scalvo\dev\e
xamanes\backend\ai_service.py:
3: FutureWarning: 
En línea: 1 Carácter: 1
+ python verificar_ia.py > 
test_output.txt 2>&1
+ ~~~~~~~~~~~~~~~~~~~~~~~~~~~~
~~~~~~~~~~~~~~~~~
    + CategoryInfo          : 
    NotSpecified: (C:\Users\  
  scalvo...FutureWarning: :   
 String) [], RemoteExcepti    
on
    + FullyQualifiedErrorId : 
    NativeCommandError
 

All support for the 
`google.generativeai` package 
has ended. It will no longer 
be receiving 
updates or bug fixes. Please 
switch to the `google.genai` 
package as soon as possible.
See README for more details:

https://github.com/google-gemi
ni/deprecated-generative-ai-py
thon/blob/main/README.md

  import google.generativeai 
as genai
Traceback (most recent call 
last):
  File "C:\Users\scalvo\dev\ex
amanes\verificar_ia.py", line 
39, in <module>
    asyncio.run(test_ia())
    ~~~~~~~~~~~^^^^^^^^^^^
  File "C:\Users\scalvo\AppDat
a\Local\Programs\Python\Python
313\Lib\asyncio\runners.py", 
line 195, in run
    return runner.run(main)
           ~~~~~~~~~~^^^^^^
  File "C:\Users\scalvo\AppDat
a\Local\Programs\Python\Python
313\Lib\asyncio\runners.py", 
line 118, in run
    return self._loop.run_unti
l_complete(task)
           ~~~~~~~~~~~~~~~~~~~
~~~~~~~~~~^^^^^^
  File "C:\Users\scalvo\AppDat
a\Local\Programs\Python\Python
313\Lib\asyncio\base_events.py
", line 725, in 
run_until_complete
    return future.result()
           ~~~~~~~~~~~~~^^
  File "C:\Users\scalvo\dev\ex
amanes\verificar_ia.py", line 
11, in test_ia
    print("\U0001f916 
Conectando con Gemini API...")
    ~~~~~^^^^^^^^^^^^^^^^^^^^^
^^^^^^^^^^^^^^
  File "C:\Users\scalvo\AppDat
a\Local\Programs\Python\Python
313\Lib\encodings\cp1252.py", 
line 19, in encode
    return codecs.charmap_enco
de(input,self.errors,encoding_
table)[0]
           ~~~~~~~~~~~~~~~~~~~
~~^^^^^^^^^^^^^^^^^^^^^^^^^^^^
^^^^^^
UnicodeEncodeError: 'charmap' 
codec can't encode character 
'\U0001f916' in position 0: 
character maps to <undefined>
